<?xml version="1.0" encoding="utf-8"?><testsuites><testsuite name="pytest" errors="0" failures="0" skipped="0" tests="4" time="487.119" timestamp="2023-11-04T16:30:45.832166" hostname="LAPTOP-7UHDL5BF"><testcase classname="tests.model.test_model.TestModel" name="test_model_fit" time="114.470" /><testcase classname="tests.model.test_model.TestModel" name="test_model_predict" time="131.652" /><testcase classname="tests.model.test_model.TestModel" name="test_model_preprocess_for_serving" time="119.742" /><testcase classname="tests.model.test_model.TestModel" name="test_model_preprocess_for_training" time="114.630" /></testsuite></testsuites>